============================================================
  股票特征建模与买入时机研究 — 回测系统
============================================================
  数据目录: E:/数学实验项目/day
  输出目录: E:\数学实验项目\提交版\results
  股票数量: 最多 5484 只
  交易成本: 计入
============================================================

阶段 1/5: 数据加载...
找到 5484 个 CSV 文件
限制加载前 5484 只股票
  [跳过] 001220.SZ: 数据量不足 (27 行)
  已处理 500/5484 个文件...
  已处理 1000/5484 个文件...
  已处理 1500/5484 个文件...
  已处理 2000/5484 个文件...
  已处理 2500/5484 个文件...
  已处理 3000/5484 个文件...
  已处理 3500/5484 个文件...
  已处理 4000/5484 个文件...
  [跳过] 603284: 数据量不足 (22 行)
  已处理 4500/5484 个文件...
  已处理 5000/5484 个文件...
  [跳过] 688712: 数据量不足 (25 行)
  [跳过] 688816: 数据量不足 (21 行)
  [跳过] 688818: 数据量不足 (22 行)
  [跳过] 920119.BJ: 数据量不足 (29 行)
  [跳过] 920166.BJ: 数据量不足 (20 行)
  [跳过] 920180.BJ: 数据量不足 (22 行)
加载完成: 成功 5476 只, 数据不足/跳过 0 只, 失败 8 只
  加载 5476 只股票, 日期范围 2024-11-11 ~ 2026-03-19

阶段 2/5: 特征计算...
  1000/5476
  2000/5476
  3000/5476
  4000/5476
  5000/5476
  完成，耗时 52.7s

阶段 3/5: 策略信号生成...
  均线金叉+量能确认: 52319 个信号
  箱体底部反弹: 53899 个信号
  连跌反弹: 92969 个信号
  多指标共振: 16308 个信号

阶段 4/5: 回测验证...
检查策略信号...
回测: 均线金叉+量能确认 | 持有 5 天
回测: 均线金叉+量能确认 | 持有 10 天
回测: 均线金叉+量能确认 | 持有 15 天
回测: 均线金叉+量能确认 | 持有 20 天
回测: 均线金叉+量能确认 | 持有 30 天
回测: 均线金叉+量能确认 | 持有 40 天
回测: 均线金叉+量能确认 | 持有 50 天
回测: 均线金叉+量能确认 | 持有 60 天
回测: 箱体底部反弹 | 持有 5 天
回测: 箱体底部反弹 | 持有 10 天
回测: 箱体底部反弹 | 持有 15 天
回测: 箱体底部反弹 | 持有 20 天
回测: 箱体底部反弹 | 持有 30 天
回测: 箱体底部反弹 | 持有 40 天
回测: 箱体底部反弹 | 持有 50 天
回测: 箱体底部反弹 | 持有 60 天
回测: 连跌反弹 | 持有 5 天
回测: 连跌反弹 | 持有 10 天
回测: 连跌反弹 | 持有 15 天
回测: 连跌反弹 | 持有 20 天
回测: 连跌反弹 | 持有 30 天
回测: 连跌反弹 | 持有 40 天
回测: 连跌反弹 | 持有 50 天
回测: 连跌反弹 | 持有 60 天
回测: 多指标共振 | 持有 5 天
回测: 多指标共振 | 持有 10 天
回测: 多指标共振 | 持有 15 天
回测: 多指标共振 | 持有 20 天
回测: 多指标共振 | 持有 30 天
回测: 多指标共振 | 持有 40 天
回测: 多指标共振 | 持有 50 天
回测: 多指标共振 | 持有 60 天

--- 均线金叉+量能确认 ---
                  持有天      交易次       胜率>0      胜率>1%       夏普      回撤%      盈亏比
                    5    51403      38.6%      30.8%   -0.67  -88.51    0.77
                   10    50788      45.0%      38.8%    0.03  -90.43    1.04
                   15    50021      46.9%      42.0%    0.18  -88.97    1.19
                   20    49031      48.3%      44.4%    0.26  -87.14    1.30
                   30    47712      49.6%      46.3%    0.37  -80.66    1.58
                   40    46505      51.5%      48.5%    0.45  -73.71    1.93
                   50    44361      53.2%      50.5%    0.50  -34.22    2.35
                   60    42139      55.3%      52.7%    0.53  -36.88    2.76

--- 箱体底部反弹 ---
                  持有天      交易次       胜率>0      胜率>1%       夏普      回撤%      盈亏比
                    5    51768      49.5%      39.6%    0.44  -79.17    1.23
                   10    50729      53.1%      46.2%    0.68  -70.46    1.56
                   15    47480      54.5%      49.1%    0.75  -75.79    1.81
                   20    46867      58.7%      54.2%    0.96  -80.83    2.42
                   30    44545      61.8%      58.0%    0.90  -78.74    2.98
                   40    43504      63.9%      60.4%    0.91  -61.75    3.62
                   50    42296      63.4%      60.3%    0.84  -36.37    3.97
                   60    38549      66.0%      63.4%    0.87  -37.12    4.96

--- 连跌反弹 ---
                  持有天      交易次       胜率>0      胜率>1%       夏普      回撤%      盈亏比
                    5    89405      44.5%      37.0%   -0.20  -82.67    0.94
                   10    88730      48.9%      43.6%    0.14  -87.48    1.11
                   15    84896      48.9%      44.7%    0.32  -91.27    1.30
                   20    83652      51.1%      47.5%    0.57  -90.01    1.67
                   30    79624      54.3%      51.2%    0.67  -88.25    2.18
                   40    77129      56.4%      53.8%    0.71  -88.17    2.64
                   50    75618      58.3%      55.6%    0.68  -63.16    3.00
                   60    73915      56.4%      53.9%    0.60  -34.60    2.95

--- 多指标共振 ---
                  持有天      交易次       胜率>0      胜率>1%       夏普      回撤%      盈亏比
                    5    15893      40.5%      32.7%   -0.37  -82.84    0.87
                   10    15731      45.8%      39.8%    0.16  -83.33    1.13
                   15    15506      49.0%      44.1%    0.35  -81.65    1.34
                   20    15197      50.0%      45.9%    0.37  -87.60    1.41
                   30    14636      50.0%      46.8%    0.40  -89.88    1.59
                   40    14211      52.4%      49.3%    0.49  -78.92    2.00
                   50    13245      55.5%      52.6%    0.61  -53.36    2.70
                   60    12093      58.1%      55.5%    0.64  -35.17    3.21

保存结果...
结果表已保存: E:\数学实验项目\提交版\results\backtest_summary.csv
Excel 结果已保存: E:\数学实验项目\提交版\results\backtest_results.xlsx

阶段 5/5: 可视化分析...

============================================================
生成可视化图表...
============================================================

[1/7] 持有周期对比图
  已保存: E:\数学实验项目\提交版\results\hold_period_comparison.png

[2/7] 热力图 (胜率)
  已保存: E:\数学实验项目\提交版\results\heatmap_胜率gt0pct.png

[3/7] 热力图 (平均收益率)
  已保存: E:\数学实验项目\提交版\results\heatmap_平均收益率pct.png

[4/7] 热力图 (夏普比率)
  已保存: E:\数学实验项目\提交版\results\heatmap_夏普比率.png

[5/7] 单股票累积收益曲线
  使用股票: 000002.SZ

[6/7] 参数敏感性分析
  已保存: E:\数学实验项目\提交版\results\sensitivity_持有天数.png

[7/7] 统计显著性分析
  已保存: E:\数学实验项目\提交版\results\significance_forest.png

可视化完成。图表保存于: E:\数学实验项目\提交版\results

============================================================
  全部完成！耗时 1260.8s (21.0min)
  结果保存在: E:\数学实验项目\提交版\results
============================================================
